Traceback (most recent call last):
  File "/home/manu/.local/lib/python3.8/site-packages/jupyter_cache/executors/utils.py", line 51, in single_nb_execution
    executenb(
  File "/home/manu/.local/lib/python3.8/site-packages/nbclient/client.py", line 1117, in execute
    return NotebookClient(nb=nb, resources=resources, km=km, **kwargs).execute()
  File "/home/manu/.local/lib/python3.8/site-packages/nbclient/util.py", line 78, in wrapped
    return just_run(coro(*args, **kwargs))
  File "/home/manu/.local/lib/python3.8/site-packages/nbclient/util.py", line 57, in just_run
    return loop.run_until_complete(coro)
  File "/usr/lib/python3.8/asyncio/base_events.py", line 616, in run_until_complete
    return future.result()
  File "/home/manu/.local/lib/python3.8/site-packages/nbclient/client.py", line 558, in async_execute
    await self.async_execute_cell(
  File "/home/manu/.local/lib/python3.8/site-packages/nbclient/client.py", line 862, in async_execute_cell
    self._check_raise_for_error(cell, exec_reply)
  File "/home/manu/.local/lib/python3.8/site-packages/nbclient/client.py", line 765, in _check_raise_for_error
    raise CellExecutionError.from_cell_and_msg(cell, exec_reply_content)
nbclient.exceptions.CellExecutionError: An error occurred while executing the following cell:
------------------
import veloxchem as vlx
import multipsi as mtp
import numpy as np
O2_xyz="""2
O2                                                                                                                         
O    0.000000000000        0.000000000000       -0.600000000000 
O    0.000000000000        0.000000000000        0.600000000000 
"""

molecule = vlx.Molecule.from_xyz_string(O2_xyz)
print(molecule.get_string())

basis = vlx.MolecularBasis.read(molecule,"STO-3G")
print(basis.get_string(molecule))

scfdrv = vlx.ScfRestrictedDriver()
scfdrv.compute(molecule, basis)
------------------

[0;31m---------------------------------------------------------------------------[0m
[0;31mModuleNotFoundError[0m                       Traceback (most recent call last)
[0;32m<ipython-input-1-da51556469e1>[0m in [0;36m<module>[0;34m[0m
[1;32m      1[0m [0;32mimport[0m [0mveloxchem[0m [0;32mas[0m [0mvlx[0m[0;34m[0m[0;34m[0m[0m
[0;32m----> 2[0;31m [0;32mimport[0m [0mmultipsi[0m [0;32mas[0m [0mmtp[0m[0;34m[0m[0;34m[0m[0m
[0m[1;32m      3[0m [0;32mimport[0m [0mnumpy[0m [0;32mas[0m [0mnp[0m[0;34m[0m[0;34m[0m[0m
[1;32m      4[0m O2_xyz="""2
[1;32m      5[0m [0mO2[0m[0;34m[0m[0;34m[0m[0m

[0;31mModuleNotFoundError[0m: No module named 'multipsi'
ModuleNotFoundError: No module named 'multipsi'

